// Jest Snapshot v1, https://goo.gl/fbAQLP

exports[`Canvas State emptyCanvas creates an empty canvas 1`] = `
Object {
  "modules": Array [],
  "name": "Untitled Canvas",
  "settings": Object {
    "editorState": Object {
      "runTab": "#tab-realtime",
    },
  },
  "state": "STOPPED",
}
`;
